--------------------------------------------------------------------------------
Release 14.2 Trace  (nt64)
Copyright (c) 1995-2012 Xilinx, Inc.  All rights reserved.

D:\Xilinx\14.2\ISE_DS\ISE\bin\nt64\unwrapped\trce.exe -intstyle ise -v 3 -s 5
-n 3 -fastpaths -xml vga_top.twx vga_top.ncd -o vga_top.twr vga_top.pcf

Design file:              vga_top.ncd
Physical constraint file: vga_top.pcf
Device,package,speed:     xc3s1500,fg320,-5 (PRODUCTION 1.39 2012-07-09)
Report level:             verbose report

Environment Variable      Effect 
--------------------      ------ 
NONE                      No environment variables were set
--------------------------------------------------------------------------------

INFO:Timing:2698 - No timing constraints found, doing default enumeration.
INFO:Timing:3412 - To improve timing, see the Timing Closure User Guide (UG612).
INFO:Timing:2752 - To get complete path coverage, use the unconstrained paths 
   option. All paths that are not constrained will be reported in the 
   unconstrained paths section(s) of the report.
INFO:Timing:3339 - The clock-to-out numbers in this timing report are based on 
   a 50 Ohm transmission line loading model.  For the details of this model, 
   and for more information on accounting for different loading conditions, 
   please see the device datasheet.
INFO:Timing:3390 - This architecture does not support a default System Jitter 
   value, please add SYSTEM_JITTER constraint to the UCF to modify the Clock 
   Uncertainty calculation.
INFO:Timing:3389 - This architecture does not support 'Discrete Jitter' and 
   'Phase Error' calculations, these terms will be zero in the Clock 
   Uncertainty calculation.  Please make appropriate modification to 
   SYSTEM_JITTER to account for the unsupported Discrete Jitter and Phase 
   Error.



Data Sheet report:
-----------------
All values displayed in nanoseconds (ns)

Clock clk to Pad
------------+------------+------------------+--------+
            | clk (edge) |                  | Clock  |
Destination |   to PAD   |Internal Clock(s) | Phase  |
------------+------------+------------------+--------+
blue<0>     |   11.866(R)|XLXN_2            |   0.000|
blue<1>     |   12.666(R)|XLXN_2            |   0.000|
blue<2>     |   12.148(R)|XLXN_2            |   0.000|
blue<3>     |   12.856(R)|XLXN_2            |   0.000|
blue<4>     |   12.824(R)|XLXN_2            |   0.000|
blue<5>     |   13.199(R)|XLXN_2            |   0.000|
blue<6>     |   13.649(R)|XLXN_2            |   0.000|
blue<7>     |   15.812(R)|XLXN_2            |   0.000|
green<0>    |   15.389(R)|XLXN_2            |   0.000|
green<1>    |   16.081(R)|XLXN_2            |   0.000|
green<2>    |   16.077(R)|XLXN_2            |   0.000|
green<3>    |   17.329(R)|XLXN_2            |   0.000|
green<4>    |   17.126(R)|XLXN_2            |   0.000|
green<5>    |   15.306(R)|XLXN_2            |   0.000|
green<6>    |   16.297(R)|XLXN_2            |   0.000|
green<7>    |   13.571(R)|XLXN_2            |   0.000|
hsync       |    6.275(R)|XLXN_2            |   0.000|
red<0>      |   13.866(R)|XLXN_2            |   0.000|
red<1>      |   13.595(R)|XLXN_2            |   0.000|
red<2>      |   13.039(R)|XLXN_2            |   0.000|
red<3>      |   12.682(R)|XLXN_2            |   0.000|
red<4>      |   13.617(R)|XLXN_2            |   0.000|
red<5>      |   13.467(R)|XLXN_2            |   0.000|
red<6>      |   13.269(R)|XLXN_2            |   0.000|
red<7>      |   14.032(R)|XLXN_2            |   0.000|
vsync       |    6.135(R)|XLXN_2            |   0.000|
------------+------------+------------------+--------+

Clock to Setup on destination clock clk
---------------+---------+---------+---------+---------+
               | Src:Rise| Src:Fall| Src:Rise| Src:Fall|
Source Clock   |Dest:Rise|Dest:Rise|Dest:Fall|Dest:Fall|
---------------+---------+---------+---------+---------+
clk            |    6.988|         |         |         |
---------------+---------+---------+---------+---------+


Analysis completed Sat Jun 06 16:17:06 2015 
--------------------------------------------------------------------------------

Trace Settings:
-------------------------
Trace Settings 

Peak Memory Usage: 174 MB



